// Jest Snapshot v1, https://goo.gl/fbAQLP

exports['Helper renders cue 1'] = `
<StyledHelper>
  <StyledAssistantContainer
    className="assistant-cue"
    hasGuide={null}
    onClick={[Function]}
  >
    <QuestionMarkIcon
      hasGuide={null}
    />
    <StyledCueText
      hasGuide={null}
    >
      Need Help?
    </StyledCueText>
  </StyledAssistantContainer>
</StyledHelper>
`;

exports['Helper renders guide drawer 1'] = `
<StyledHelper>
  <StyledAssistantContainer
    className="assistant-cue"
    hasGuide={
      Object {
        "cue": "Click here for a tour of the issue page",
        "id": 1,
        "page": "issue",
        "required_targets": Array [
          "target 1",
        ],
        "steps": Array [
          Object {
            "message": "Message 1",
            "target": "target 1",
            "title": "1. Title 1",
          },
          Object {
            "message": "Message 2",
            "target": "target 2",
            "title": "2. Title 2",
          },
        ],
      }
    }
    onClick={[Function]}
  >
    <QuestionMarkIcon
      hasGuide={
        Object {
          "cue": "Click here for a tour of the issue page",
          "id": 1,
          "page": "issue",
          "required_targets": Array [
            "target 1",
          ],
          "steps": Array [
            Object {
              "message": "Message 1",
              "target": "target 1",
              "title": "1. Title 1",
            },
            Object {
              "message": "Message 2",
              "target": "target 2",
              "title": "2. Title 2",
            },
          ],
        }
      }
    />
    <StyledCueText
      hasGuide={
        Object {
          "cue": "Click here for a tour of the issue page",
          "id": 1,
          "page": "issue",
          "required_targets": Array [
            "target 1",
          ],
          "steps": Array [
            Object {
              "message": "Message 1",
              "target": "target 1",
              "title": "1. Title 1",
            },
            Object {
              "message": "Message 2",
              "target": "target 2",
              "title": "2. Title 2",
            },
          ],
        }
      }
    >
      Click here for a tour of the issue page
    </StyledCueText>
    <div
      onClick={[Function]}
      style={
        Object {
          "display": "flex",
        }
      }
    >
      <CloseIcon />
    </div>
  </StyledAssistantContainer>
</StyledHelper>
`;

exports['Helper renders support drawer 1'] = `
<StyledHelper>
  <StyledAssistantContainer
    className="assistant-cue"
    hasGuide={null}
    onClick={[Function]}
  >
    <QuestionMarkIcon
      hasGuide={null}
    />
    <StyledCueText
      hasGuide={null}
    >
      Need Help?
    </StyledCueText>
  </StyledAssistantContainer>
</StyledHelper>
`;
