// Jest Snapshot v1, https://goo.gl/fbAQLP

exports[`ProjectTeams renders 1`] = `""`;
